// Jest Snapshot v1, https://goo.gl/fbAQLP

exports[`eventDocument transformer transforms venues from Prismic to the expected format (document: collection-venue/WsuS_R8AACS1Nwlx) 1`] = `
[
  {
    "data": {
      "exceptionalClosedDays": [
        {
          "endDateTime": "00:00",
          "overrideDate": "2024-12-21T00:00:00.000Z",
          "startDateTime": "00:00",
          "type": "Christmas and New Year",
        },
        {
          "endDateTime": "00:00",
          "overrideDate": "2024-12-23T00:00:00.000Z",
          "startDateTime": "00:00",
          "type": "Christmas and New Year",
        },
        {
          "endDateTime": "00:00",
          "overrideDate": "2024-12-24T00:00:00.000Z",
          "startDateTime": "00:00",
          "type": "Christmas and New Year",
        },
        {
          "endDateTime": "00:00",
          "overrideDate": "2024-12-25T00:00:00.000Z",
          "startDateTime": "00:00",
          "type": "Christmas and New Year",
        },
        {
          "endDateTime": "00:00",
          "overrideDate": "2024-12-26T00:00:00.000Z",
          "startDateTime": "00:00",
          "type": "Christmas and New Year",
        },
        {
          "endDateTime": "00:00",
          "overrideDate": "2024-12-27T00:00:00.000Z",
          "startDateTime": "00:00",
          "type": "Christmas and New Year",
        },
        {
          "endDateTime": "00:00",
          "overrideDate": "2024-12-28T00:00:00.000Z",
          "startDateTime": "00:00",
          "type": "Christmas and New Year",
        },
        {
          "endDateTime": "00:00",
          "overrideDate": "2024-12-30T00:00:00.000Z",
          "startDateTime": "00:00",
          "type": "Christmas and New Year",
        },
        {
          "endDateTime": "00:00",
          "overrideDate": "2024-12-31T00:00:00.000Z",
          "startDateTime": "00:00",
          "type": "Christmas and New Year",
        },
        {
          "endDateTime": "00:00",
          "overrideDate": "2025-01-01T00:00:00.000Z",
          "startDateTime": "00:00",
          "type": "Christmas and New Year",
        },
      ],
      "regularOpeningDays": [
        {
          "closes": "18:00",
          "dayOfWeek": "monday",
          "isClosed": false,
          "opens": "10:00",
        },
        {
          "closes": "18:00",
          "dayOfWeek": "tuesday",
          "isClosed": false,
          "opens": "10:00",
        },
        {
          "closes": "18:00",
          "dayOfWeek": "wednesday",
          "isClosed": false,
          "opens": "10:00",
        },
        {
          "closes": "20:00",
          "dayOfWeek": "thursday",
          "isClosed": false,
          "opens": "10:00",
        },
        {
          "closes": "18:00",
          "dayOfWeek": "friday",
          "isClosed": false,
          "opens": "10:00",
        },
        {
          "closes": "16:00",
          "dayOfWeek": "saturday",
          "isClosed": false,
          "opens": "10:00",
        },
        {
          "closes": "00:00",
          "dayOfWeek": "sunday",
          "isClosed": true,
          "opens": "00:00",
        },
      ],
    },
    "display": {
      "exceptionalClosedDays": [
        {
          "endDateTime": "00:00",
          "overrideDate": "2024-12-21T00:00:00.000Z",
          "startDateTime": "00:00",
          "type": "Christmas and New Year",
        },
        {
          "endDateTime": "00:00",
          "overrideDate": "2024-12-23T00:00:00.000Z",
          "startDateTime": "00:00",
          "type": "Christmas and New Year",
        },
        {
          "endDateTime": "00:00",
          "overrideDate": "2024-12-24T00:00:00.000Z",
          "startDateTime": "00:00",
          "type": "Christmas and New Year",
        },
        {
          "endDateTime": "00:00",
          "overrideDate": "2024-12-25T00:00:00.000Z",
          "startDateTime": "00:00",
          "type": "Christmas and New Year",
        },
        {
          "endDateTime": "00:00",
          "overrideDate": "2024-12-26T00:00:00.000Z",
          "startDateTime": "00:00",
          "type": "Christmas and New Year",
        },
        {
          "endDateTime": "00:00",
          "overrideDate": "2024-12-27T00:00:00.000Z",
          "startDateTime": "00:00",
          "type": "Christmas and New Year",
        },
        {
          "endDateTime": "00:00",
          "overrideDate": "2024-12-28T00:00:00.000Z",
          "startDateTime": "00:00",
          "type": "Christmas and New Year",
        },
        {
          "endDateTime": "00:00",
          "overrideDate": "2024-12-30T00:00:00.000Z",
          "startDateTime": "00:00",
          "type": "Christmas and New Year",
        },
        {
          "endDateTime": "00:00",
          "overrideDate": "2024-12-31T00:00:00.000Z",
          "startDateTime": "00:00",
          "type": "Christmas and New Year",
        },
        {
          "endDateTime": "00:00",
          "overrideDate": "2025-01-01T00:00:00.000Z",
          "startDateTime": "00:00",
          "type": "Christmas and New Year",
        },
      ],
      "id": "WsuS_R8AACS1Nwlx",
      "regularOpeningDays": [
        {
          "closes": "18:00",
          "dayOfWeek": "monday",
          "isClosed": false,
          "opens": "10:00",
        },
        {
          "closes": "18:00",
          "dayOfWeek": "tuesday",
          "isClosed": false,
          "opens": "10:00",
        },
        {
          "closes": "18:00",
          "dayOfWeek": "wednesday",
          "isClosed": false,
          "opens": "10:00",
        },
        {
          "closes": "20:00",
          "dayOfWeek": "thursday",
          "isClosed": false,
          "opens": "10:00",
        },
        {
          "closes": "18:00",
          "dayOfWeek": "friday",
          "isClosed": false,
          "opens": "10:00",
        },
        {
          "closes": "16:00",
          "dayOfWeek": "saturday",
          "isClosed": false,
          "opens": "10:00",
        },
        {
          "closes": "00:00",
          "dayOfWeek": "sunday",
          "isClosed": true,
          "opens": "00:00",
        },
      ],
      "title": "Library",
      "type": "Venue",
    },
    "filter": {
      "id": "WsuS_R8AACS1Nwlx",
      "title": [
        "Library",
        "library",
      ],
    },
    "id": "WsuS_R8AACS1Nwlx",
  },
]
`;
